// Jest Snapshot v1, https://goo.gl/fbAQLP

exports[`Loader with default settings should render correctly 1`] = `<styled.div />`;
